NODE VERSION:
v14.18.0

NPM VERSION:
6.14.15

CHECKING OTHER FILE VERSIONS:
{
  'kasu.nhentaiapi.js': '3.2.1',
  npm: '6.14.15',
  ares: '1.17.2',
  brotli: '1.0.9',
  cldr: '39.0',
  icu: '69.1',
  llhttp: '2.1.3',
  modules: '83',
  napi: '8',
  nghttp2: '1.42.0',
  node: '14.18.0',
  openssl: '1.1.1l',
  tz: '2021a',
  unicode: '13.0',
  uv: '1.42.0',
  v8: '8.4.371.23-node.84',
  zlib: '1.2.11'
}



Running Javascript test
   testing '.js' files: main.js
main.js done
   testing '.js' files: fetcher.js
fetcher.js done
   testing '.js' files: shorter.js
shorter.js done

getID().json():

{
  id: 228922,
  url: 'https://nhentai.net/g/228922',
  title: {
    origin: 'エログロス Vol.2',
    translated: 'EROGROS Vol. 2',
    originFull: '[アンソロジー] エログロス Vol.2 [DL版]',
    translatedFull: '[Anthology] EROGROS Vol. 2 [Digital]'
  },
  images: {
    cover: 'https://t.nhentai.net/galleries/1205270/cover.jpg',
    pages: [
      'https://t.nhentai.net/galleries/1205270/1t.jpg',
      'https://t.nhentai.net/galleries/1205270/2t.jpg',
      'https://t.nhentai.net/galleries/1205270/3t.jpg',
      'https://t.nhentai.net/galleries/1205270/4t.jpg',
      'https://t.nhentai.net/galleries/1205270/5t.jpg',
      'https://t.nhentai.net/galleries/1205270/6t.jpg',
      'https://t.nhentai.net/galleries/1205270/7t.jpg',
      'https://t.nhentai.net/galleries/1205270/8t.jpg',
      'https://t.nhentai.net/galleries/1205270/9t.jpg',
      'https://t.nhentai.net/galleries/1205270/10t.jpg',
      'https://t.nhentai.net/galleries/1205270/11t.jpg',
      'https://t.nhentai.net/galleries/1205270/12t.jpg',
      'https://t.nhentai.net/galleries/1205270/13t.jpg',
      'https://t.nhentai.net/galleries/1205270/14t.jpg',
      'https://t.nhentai.net/galleries/1205270/15t.jpg',
      'https://t.nhentai.net/galleries/1205270/16t.jpg',
      'https://t.nhentai.net/galleries/1205270/17t.jpg',
      'https://t.nhentai.net/galleries/1205270/18t.jpg',
      'https://t.nhentai.net/galleries/1205270/19t.jpg',
      'https://t.nhentai.net/galleries/1205270/20t.jpg',
      'https://t.nhentai.net/galleries/1205270/21t.jpg',
      'https://t.nhentai.net/galleries/1205270/22t.jpg',
      'https://t.nhentai.net/galleries/1205270/23t.jpg',
      'https://t.nhentai.net/galleries/1205270/24t.jpg',
      'https://t.nhentai.net/galleries/1205270/25t.jpg',
      'https://t.nhentai.net/galleries/1205270/26t.jpg',
      'https://t.nhentai.net/galleries/1205270/27t.jpg',
      'https://t.nhentai.net/galleries/1205270/28t.jpg',
      'https://t.nhentai.net/galleries/1205270/29t.jpg',
      'https://t.nhentai.net/galleries/1205270/30t.jpg',
      'https://t.nhentai.net/galleries/1205270/31t.jpg',
      'https://t.nhentai.net/galleries/1205270/32t.jpg',
      'https://t.nhentai.net/galleries/1205270/33t.jpg',
      'https://t.nhentai.net/galleries/1205270/34t.jpg',
      'https://t.nhentai.net/galleries/1205270/35t.jpg',
      'https://t.nhentai.net/galleries/1205270/36t.jpg',
      'https://t.nhentai.net/galleries/1205270/37t.jpg',
      'https://t.nhentai.net/galleries/1205270/38t.jpg',
      'https://t.nhentai.net/galleries/1205270/39t.jpg',
      'https://t.nhentai.net/galleries/1205270/40t.jpg',
      'https://t.nhentai.net/galleries/1205270/41t.jpg',
      'https://t.nhentai.net/galleries/1205270/42t.jpg',
      'https://t.nhentai.net/galleries/1205270/43t.jpg',
      'https://t.nhentai.net/galleries/1205270/44t.jpg',
      'https://t.nhentai.net/galleries/1205270/45t.jpg',
      'https://t.nhentai.net/galleries/1205270/46t.jpg',
      'https://t.nhentai.net/galleries/1205270/47t.jpg',
      'https://t.nhentai.net/galleries/1205270/48t.jpg',
      'https://t.nhentai.net/galleries/1205270/49t.jpg',
      'https://t.nhentai.net/galleries/1205270/50t.jpg',
      'https://t.nhentai.net/galleries/1205270/51t.jpg',
      'https://t.nhentai.net/galleries/1205270/52t.jpg',
      'https://t.nhentai.net/galleries/1205270/53t.jpg',
      'https://t.nhentai.net/galleries/1205270/54t.jpg',
      'https://t.nhentai.net/galleries/1205270/55t.jpg',
      'https://t.nhentai.net/galleries/1205270/56t.jpg',
      'https://t.nhentai.net/galleries/1205270/57t.jpg',
      'https://t.nhentai.net/galleries/1205270/58t.jpg',
      'https://t.nhentai.net/galleries/1205270/59t.jpg',
      'https://t.nhentai.net/galleries/1205270/60t.jpg',
      'https://t.nhentai.net/galleries/1205270/61t.jpg',
      'https://t.nhentai.net/galleries/1205270/62t.jpg',
      'https://t.nhentai.net/galleries/1205270/63t.jpg',
      'https://t.nhentai.net/galleries/1205270/64t.jpg',
      'https://t.nhentai.net/galleries/1205270/65t.jpg',
      'https://t.nhentai.net/galleries/1205270/66t.jpg',
      'https://t.nhentai.net/galleries/1205270/67t.jpg',
      'https://t.nhentai.net/galleries/1205270/68t.jpg',
      'https://t.nhentai.net/galleries/1205270/69t.jpg',
      'https://t.nhentai.net/galleries/1205270/70t.jpg',
      'https://t.nhentai.net/galleries/1205270/71t.jpg',
      'https://t.nhentai.net/galleries/1205270/72t.jpg',
      'https://t.nhentai.net/galleries/1205270/73t.jpg',
      'https://t.nhentai.net/galleries/1205270/74t.jpg',
      'https://t.nhentai.net/galleries/1205270/75t.jpg',
      'https://t.nhentai.net/galleries/1205270/76t.jpg',
      'https://t.nhentai.net/galleries/1205270/77t.jpg',
      'https://t.nhentai.net/galleries/1205270/78t.jpg',
      'https://t.nhentai.net/galleries/1205270/79t.jpg',
      'https://t.nhentai.net/galleries/1205270/80t.jpg',
      'https://t.nhentai.net/galleries/1205270/81t.jpg',
      'https://t.nhentai.net/galleries/1205270/82t.jpg',
      'https://t.nhentai.net/galleries/1205270/83t.jpg',
      'https://t.nhentai.net/galleries/1205270/84t.jpg',
      'https://t.nhentai.net/galleries/1205270/85t.jpg',
      'https://t.nhentai.net/galleries/1205270/86t.jpg',
      'https://t.nhentai.net/galleries/1205270/87t.jpg',
      'https://t.nhentai.net/galleries/1205270/88t.jpg',
      'https://t.nhentai.net/galleries/1205270/89t.jpg',
      'https://t.nhentai.net/galleries/1205270/90t.jpg',
      'https://t.nhentai.net/galleries/1205270/91t.jpg',
      'https://t.nhentai.net/galleries/1205270/92t.jpg',
      'https://t.nhentai.net/galleries/1205270/93t.jpg',
      'https://t.nhentai.net/galleries/1205270/94t.jpg',
      'https://t.nhentai.net/galleries/1205270/95t.jpg',
      'https://t.nhentai.net/galleries/1205270/96t.jpg',
      'https://t.nhentai.net/galleries/1205270/97t.jpg',
      'https://t.nhentai.net/galleries/1205270/98t.jpg',
      'https://t.nhentai.net/galleries/1205270/99t.jpg',
      'https://t.nhentai.net/galleries/1205270/100t.jpg',
      ... 144 more items
    ]
  },
  tag_table: {
    tag: 'big breasts, group, lolicon, glasses, shotacon, bondage, ahegao, yaoi, incest, futanari, impregnation, sister, collar, tentacles, lactation, anthology, big penis, pregnant, piercing, dick growth, monster girl, urethra insertion, daughter, breast expansion, birth, dickgirl on male, snuff, guro, ryona, transformation, torture, human pet, amputee, randoseru, big balls, cannibalism, multiple breasts, necrophilia, anal birth, balls expansion, abortion',
    artist: 'uziga waita, horihone saizou, tksn, momoiro manjiru, faith, zero punch, hayami kuro, ai7n, senmu',
    languages: 'japanese',
    categories: 'manga'
  },
  number_pages: '244',
  uploaded: '3 years, 5 months ago'
}

==========================================================

pRandSpecificTags:

{
  id: '179064',
  url: 'https://nhentai.net/g/179064',
  title: {
    origin: '祝女地図Ⅰ',
    translated: 'Noro Chizu I',
    originFull: '(C90) [敷島贋具 (敷島天気、敷島昭太郎)] 祝女地図Ⅰ (この素晴らしい世界に祝福を!)',
    translatedFull: '(C90) [Shikishima GunTool (Shikishima Tenki, Shikishima Shoutarou)] Noro Chizu I (Kono Subarashii Sekai ni Syukufuku o!)'
  },
  images: {
    cover: 'https://t.nhentai.net/galleries/996548/cover.jpg',
    pages: [
      'https://t.nhentai.net/galleries/996548/1t.jpg',
      'https://t.nhentai.net/galleries/996548/2t.jpg',
      'https://t.nhentai.net/galleries/996548/3t.jpg',
      'https://t.nhentai.net/galleries/996548/4t.jpg',
      'https://t.nhentai.net/galleries/996548/5t.jpg',
      'https://t.nhentai.net/galleries/996548/6t.jpg',
      'https://t.nhentai.net/galleries/996548/7t.jpg',
      'https://t.nhentai.net/galleries/996548/8t.jpg',
      'https://t.nhentai.net/galleries/996548/9t.jpg',
      'https://t.nhentai.net/galleries/996548/10t.jpg',
      'https://t.nhentai.net/galleries/996548/11t.jpg',
      'https://t.nhentai.net/galleries/996548/12t.jpg',
      'https://t.nhentai.net/galleries/996548/13t.jpg',
      'https://t.nhentai.net/galleries/996548/14t.jpg',
      'https://t.nhentai.net/galleries/996548/15t.jpg',
      'https://t.nhentai.net/galleries/996548/16t.jpg',
      'https://t.nhentai.net/galleries/996548/17t.jpg',
      'https://t.nhentai.net/galleries/996548/18t.jpg',
      'https://t.nhentai.net/galleries/996548/19t.jpg',
      'https://t.nhentai.net/galleries/996548/20t.jpg',
      'https://t.nhentai.net/galleries/996548/21t.jpg',
      'https://t.nhentai.net/galleries/996548/22t.jpg',
      'https://t.nhentai.net/galleries/996548/23t.jpg',
      'https://t.nhentai.net/galleries/996548/24t.jpg',
      'https://t.nhentai.net/galleries/996548/25t.jpg',
      'https://t.nhentai.net/galleries/996548/26t.jpg',
      'https://t.nhentai.net/galleries/996548/27t.jpg',
      'https://t.nhentai.net/galleries/996548/28t.jpg',
      'https://t.nhentai.net/galleries/996548/29t.jpg',
      'https://t.nhentai.net/galleries/996548/30t.jpg',
      'https://t.nhentai.net/galleries/996548/31t.jpg',
      'https://t.nhentai.net/galleries/996548/32t.jpg',
      'https://t.nhentai.net/galleries/996548/33t.jpg',
      'https://t.nhentai.net/galleries/996548/34t.jpg',
      'https://t.nhentai.net/galleries/996548/35t.jpg',
      'https://t.nhentai.net/galleries/996548/36t.jpg',
      'https://t.nhentai.net/galleries/996548/37t.jpg',
      'https://t.nhentai.net/galleries/996548/38t.jpg',
      'https://t.nhentai.net/galleries/996548/39t.jpg',
      'https://t.nhentai.net/galleries/996548/40t.jpg',
      'https://t.nhentai.net/galleries/996548/41t.jpg',
      'https://t.nhentai.net/galleries/996548/42t.jpg'
    ]
  },
  tag_table: {
    parodies: 'kono subarashii sekai ni syukufuku o',
    characters: 'aqua',
    tag: 'sole female, anal, sole male, thigh high boots',
    artist: 'shikishima tenki, shikishima shoutarou',
    groups: 'shikishima guntool',
    languages: 'japanese',
    categories: 'doujinshi'
  },
  number_pages: '42',
  uploaded: '4 years, 10 months ago'
}

==========================================================


pRandTag: -crossdressing-

{
  id: '168872',
  url: 'https://nhentai.net/g/168872',
  title: {
    origin: 'ノックしないジャン',
    translated: 'Knock Shinai Jean',
    originFull: '(SPARK10) [*elcco (えるっ子)] ノックしないジャン (進撃の巨人)',
    translatedFull: '(SPARK10) [*elcco (elcco)] Knock Shinai Jean (Shingeki no Kyojin)'
  },
  images: {
    cover: 'https://t.nhentai.net/galleries/901376/cover.jpg',
    pages: [
      'https://t.nhentai.net/galleries/901376/1t.jpg',
      'https://t.nhentai.net/galleries/901376/2t.jpg',
      'https://t.nhentai.net/galleries/901376/3t.jpg',
      'https://t.nhentai.net/galleries/901376/4t.jpg',
      'https://t.nhentai.net/galleries/901376/5t.jpg',
      'https://t.nhentai.net/galleries/901376/6t.jpg',
      'https://t.nhentai.net/galleries/901376/7t.jpg',
      'https://t.nhentai.net/galleries/901376/8t.jpg',
      'https://t.nhentai.net/galleries/901376/9t.jpg',
      'https://t.nhentai.net/galleries/901376/10t.jpg',
      'https://t.nhentai.net/galleries/901376/11t.jpg',
      'https://t.nhentai.net/galleries/901376/12t.jpg',
      'https://t.nhentai.net/galleries/901376/13t.jpg',
      'https://t.nhentai.net/galleries/901376/14t.jpg',
      'https://t.nhentai.net/galleries/901376/15t.jpg',
      'https://t.nhentai.net/galleries/901376/16t.jpg',
      'https://t.nhentai.net/galleries/901376/17t.jpg',
      'https://t.nhentai.net/galleries/901376/18t.jpg',
      'https://t.nhentai.net/galleries/901376/19t.jpg',
      'https://t.nhentai.net/galleries/901376/20t.jpg',
      'https://t.nhentai.net/galleries/901376/21t.jpg',
      'https://t.nhentai.net/galleries/901376/22t.jpg',
      'https://t.nhentai.net/galleries/901376/23t.jpg',
      'https://t.nhentai.net/galleries/901376/24t.jpg',
      'https://t.nhentai.net/galleries/901376/25t.jpg',
      'https://t.nhentai.net/galleries/901376/26t.jpg',
      'https://t.nhentai.net/galleries/901376/27t.jpg',
      'https://t.nhentai.net/galleries/901376/28t.jpg'
    ]
  },
  tag_table: {
    parodies: 'shingeki no kyojin',
    characters: 'jean kirschtein, armin arlert',
    tag: 'yaoi, males only, crossdressing, tomgirl, lingerie',
    artist: 'elcco',
    groups: 'elcco',
    languages: 'japanese',
    categories: 'doujinshi'
  },
  number_pages: '28',
  uploaded: '5 years, 2 months ago'
}

==========================================================


pRandTag: -lolicon-

DISCORD ToS: REROLL DENIED


==========================================================


Adds crossdressing to blocked Tags:

pRandTag: -crossdressing-

DISCORD ToS: REROLL DENIED


==========================================================

---------the test took '00:09' to finish---------
NOTE: TIME DOES NOT START UNTIL THE JAVASCRIPT IS STARTED

TEST ENDED